main.c:87:6:HAL_GPIO_EXTI_Callback	16	static
main.c:126:6:subirpersiana	8	static
main.c:146:6:bajarpersiana	8	static
main.c:166:5:servo_girar_up	16	static
main.c:177:5:servo_girar_down	16	static
main.c:188:6:mensaje_buenos_dias	8	static
main.c:198:6:mensaje_buenos_noches	8	static
main.c:213:5:main	8	static
main.c:316:6:SystemClock_Config	88	static
main.c:360:13:MX_ADC1_Init	24	static
main.c:410:13:MX_TIM1_Init	96	static
main.c:485:13:MX_TIM4_Init	32	static
main.c:530:13:MX_GPIO_Init	48	static
main.c:593:6:Error_Handler	4	static,ignoring_inline_asm
